[INFO] Scanning for projects...
Downloading from central: https://repo.maven.apache.org/maven2/org/codehaus/mojo/maven-metadata.xml
Downloading from central: https://repo.maven.apache.org/maven2/org/apache/maven/plugins/maven-metadata.xml
Progress (1): 3.1 kB
Progress (2): 3.1 kB | 4.6 kB
Progress (2): 7.7 kB | 4.6 kB
Progress (2): 7.7 kB | 9.7 kB
Progress (2): 12 kB | 9.7 kB 
Progress (2): 12 kB | 14 kB 
Progress (2): 17 kB | 14 kB
Progress (2): 20 kB | 14 kB
Progress (2): 21 kB | 14 kB
                           
Downloaded from central: https://repo.maven.apache.org/maven2/org/apache/maven/plugins/maven-metadata.xml (14 kB at 29 kB/s)
Downloaded from central: https://repo.maven.apache.org/maven2/org/codehaus/mojo/maven-metadata.xml (21 kB at 39 kB/s)
[INFO] ------------------------------------------------------------------------
[INFO] BUILD FAILURE
[INFO] ------------------------------------------------------------------------
[INFO] Total time:  1.769 s
[INFO] Finished at: 2026-04-08T14:17:23+05:30
[INFO] ------------------------------------------------------------------------
[ERROR] No plugin found for prefix '.repo.local=D' in the current project and in the plugin groups [org.apache.maven.plugins, org.codehaus.mojo] available from the repositories [local (D:\.m2\repository), central (https://repo.maven.apache.org/maven2)] -> [Help 1]
[ERROR] 
[ERROR] To see the full stack trace of the errors, re-run Maven with the -e switch.
[ERROR] Re-run Maven using the -X switch to enable full debug logging.
[ERROR] 
[ERROR] For more information about the errors and possible solutions, please read the following articles:
[ERROR] [Help 1] http://cwiki.apache.org/confluence/display/MAVEN/NoPluginFoundForPrefixException
