[INFO] Scanning for projects...
[INFO] 
[INFO] --------------------< com.knowledgegraphx:backend >---------------------
[INFO] Building KnowledgeGraphX 0.0.1-SNAPSHOT
[INFO]   from pom.xml
[INFO] --------------------------------[ jar ]---------------------------------
[INFO] 
[INFO] --- resources:3.3.1:resources (default-resources) @ backend ---
[INFO] Copying 2 resources from src\main\resources to target\classes
[INFO] Copying 0 resource from src\main\resources to target\classes
[INFO] 
[INFO] --- compiler:3.13.0:compile (default-compile) @ backend ---
[INFO] Recompiling the module because of changed source code.
[INFO] Compiling 57 source files with javac [debug parameters release 17] to target\classes
[INFO] -------------------------------------------------------------
[ERROR] COMPILATION ERROR : 
[INFO] -------------------------------------------------------------
[ERROR] /D:/KnowledgeGraphX/backend/src/main/java/com/knowledgegraphx/backend/service/VectorSearchService.java:[109,26] cannot find symbol
  symbol:   variable Collectors
  location: class com.knowledgegraphx.backend.service.VectorSearchService
[INFO] 1 error
[INFO] -------------------------------------------------------------
[INFO] ------------------------------------------------------------------------
[INFO] BUILD FAILURE
[INFO] ------------------------------------------------------------------------
[INFO] Total time:  5.545 s
[INFO] Finished at: 2026-04-07T14:00:49+05:30
[INFO] ------------------------------------------------------------------------
[ERROR] Failed to execute goal org.apache.maven.plugins:maven-compiler-plugin:3.13.0:compile (default-compile) on project backend: Compilation failure
[ERROR] /D:/KnowledgeGraphX/backend/src/main/java/com/knowledgegraphx/backend/service/VectorSearchService.java:[109,26] cannot find symbol
[ERROR]   symbol:   variable Collectors
[ERROR]   location: class com.knowledgegraphx.backend.service.VectorSearchService
[ERROR] 
[ERROR] -> [Help 1]
[ERROR] 
[ERROR] To see the full stack trace of the errors, re-run Maven with the -e switch.
[ERROR] Re-run Maven using the -X switch to enable full debug logging.
[ERROR] 
[ERROR] For more information about the errors and possible solutions, please read the following articles:
[ERROR] [Help 1] http://cwiki.apache.org/confluence/display/MAVEN/MojoFailureException
